18:50:16 [INFO] Iniciando pipeline ETL. raw=/Users/francobmassi/Documents/GitHub/tpo-sueldos/data/raw  processed=/Users/francobmassi/Documents/GitHub/tpo-sueldos/data/processed
18:50:21 [INFO] Sysarmy leído con skiprows=9 (5 columnas críticas detectadas)
18:50:28 [INFO] Edición sysarmy_2022_2 (2022-07-01): 5024 filas
18:50:34 [INFO] Sysarmy leído con skiprows=8 (5 columnas críticas detectadas)
18:50:38 [INFO] Edición sysarmy_2023_1 (2023-01-01): 6165 filas
18:50:43 [INFO] Sysarmy leído con skiprows=7 (5 columnas críticas detectadas)
18:50:46 [INFO] Edición sysarmy_2023_2 (2023-07-01): 5485 filas
18:50:51 [INFO] Sysarmy leído con skiprows=8 (6 columnas críticas detectadas)
18:50:53 [INFO] Edición sysarmy_2024_1 (2024-01-01): 5488 filas
18:50:57 [INFO] Sysarmy leído con skiprows=9 (6 columnas críticas detectadas)
18:51:00 [INFO] Edición sysarmy_2025_1 (2025-01-01): 5189 filas
18:51:04 [INFO] Sysarmy leído con skiprows=9 (6 columnas críticas detectadas)
18:51:08 [INFO] Edición sysarmy_2025_2 (2025-07-01): 3737 filas
18:51:13 [INFO] Guardado Sysarmy (31088 filas, 14 cols) -> sysarmy_limpio.parquet
18:52:14 [INFO] Guardado Stack Overflow (Argentina) (160 filas, 12 cols) -> stackoverflow_argentina_limpio.parquet
18:52:15 [INFO] Guardado contexto_macroeconomico (6 filas, 10 cols) -> contexto_macroeconomico.parquet
18:52:15 [INFO] Guardado dataset_final (31088 filas, 17 cols) -> dataset_final_mercado_laboral.parquet
18:52:15 [INFO] data_quality_report.txt escrito (114 líneas)

================================================================
RESUMEN DEL PIPELINE ETL
================================================================
  ✓ Sysarmy: 31088 filas, 14 cols
  ✓ IPC: 121 filas, 3 cols
  ✓ Dólar MEP mensual: 186 filas, 2 cols
  ✓ Big Mac: 21 filas, 2 cols
  ✓ RIPTE: 381 filas, 2 cols
  ✓ CBT: 117 filas, 2 cols
  ✓ ITCRM: 353 filas, 2 cols
  ✓ US CPI: 951 filas, 2 cols
  ✓ Stack Overflow AR: 160 filas, 12 cols
----------------------------------------------------------------
  DATASET FINAL: 31088 filas, 17 columnas
  -> /Users/francobmassi/Documents/GitHub/tpo-sueldos/data/processed/dataset_final_mercado_laboral.parquet
  -> /Users/francobmassi/Documents/GitHub/tpo-sueldos/data/processed/data_quality_report.txt
  (outliers conservados dentro del dataset, columna 'es_outlier')
================================================================
