======================================================================
PREDICTOR DE SALARIO — Profesionales Tech Argentina
======================================================================
Base: 31.088 registros de Sysarmy (2022-2025)
Salarios en: pesos reales de mayo 2026 (ajustados por inflación)

Cargando datos y entrenando modelo...
✓ Listo. Modelo entrenado en 31,088 registros.


──────────────────────────────────────────────────────────────────────
NUEVA PREDICCIÓN
──────────────────────────────────────────────────────────────────────
Edad (años): Años de experiencia total: Años en la empresa actual: 
Provincia de trabajo:
  1. Buenos Aires
  2. CABA
  3. Chaco
  4. Chubut
  5. Corrientes
  6. Córdoba
  7. Entre Ríos
  8. Jujuy
  9. Mendoza
  10. Misiones
  11. Neuquén
  12. Otra
  13. Río Negro
  14. Salta
  15. San Juan
  16. San Luis
  17. Santa Fe
  18. Tucumán
Elegir (número): 
Género:
  1. femenino
  2. masculino
  3. no especifica
  4. otro
Elegir (número): 
Modalidad de trabajo:
  1. 100% presencial
  2. 100% remoto
Elegir (número): 
Tamaño de empresa:
  1. 1 (solamente yo)
  2. De 1001 a 2000 personas
  3. De 101 a 200 personas
  4. De 11  a 50  personas
  5. De 2 a 10 personas
  6. De 2001a 5000 personas
  7. De 201 a 500 personas
  8. De 5001 a 10000 personas
  9. De 501 a 1000 personas
  10. De 51 a 100 personas
  11. Más de 10000 personas
Elegir (número): 
Rol / puesto:
  1. Architect
  2. Business Analyst
  3. Consultant
  4. Data Analyst
  5. Data Engineer
  6. Data Scientist
  7. Developer
  8. Helpdesk
  9. Infosec
  10. Manager / Director
  11. Networking
  12. Otro
  13. Project Manager
  14. QA
  15. Technical Leader
  16. UX/UI Designer
Elegir (número): 
¿Cobra en dólares?
  1. No
  2. Sí
Elegir (número): 
Tecnologías (escriba los números separados por comas, o 0 para omitir):
   1. sql
   2. javascript
   3. python
   4. html
   5. typescript
   6. css
   7. java
   8. powershell
   9. bash
  10. .net
  11. php
  12. c#
  13. r
  14. go
  15. c
  16. kotlin
  17. vba
  18. c++
  19. ruby
  20. swift
Seleccionar (ej: 1,3,5): 
======================================================================
💰 SALARIO PREDICHO: $4.49M (pesos reales de mayo 2026)
======================================================================

📈 INTERVALO DE CONFIANZA:
  • P25 (cuartil bajo): $2.03M
  • P50 (mediana): $3.19M
  • P75 (cuartil alto): $4.93M
  → Tu predicción: $4.49M (RANGO MEDIO)

  👥 Profesionales similares (mismo rol y provincia): 6,504
     Mediana: $3.27M
     Rango: $0.03M — $72.22M
     IQR: $2.11M — $4.83M

──────────────────────────────────────────────────────────────────────
OPCIONES:
  1. Nueva predicción
  2. Exportar este resultado a CSV
  3. Salir
Elegir (1/2/3): 
¡Hasta luego!
